[dotenv@17.3.1] injecting env (7) from .env -- tip: ΓÜÖ∩╕Å  override existing env vars with { override: true }
--- Email Delivery Diagnostics ---
Target: thirukumar3210@gmail.com
From: thiruthavachelvan@gmail.com

1. Attempting Simple Text Email...
Email sent successfully to thirukumar3210@gmail.com
Welcome Email triggered.

2. Attempting PDF Manifest Email...
Email sent successfully to thirukumar3210@gmail.com
Booking Confirmation triggered.

Check console for "Email sent successfully" messages.
